<html>
<body>
<pre>
<h1>µVision Build Log</h1>
<h2>Tool Versions:</h2>
IDE-Version: ¦ÌVision V5.42.0.0
Copyright (C) 2025 ARM Ltd and ARM Germany GmbH. All rights reserved.
License Information: Mac Lodge, 11, LIC=21E4T-R78WD-MMV9I-TQ4MS-DQA63-380M1
 
Tool Versions:
Toolchain:       MDK-ARM Plus  Version: 5.42.0.0
Toolchain Path:  C:\Keil\ARM\ARMCLANG\Bin
C Compiler:      ArmClang.exe V6.23
Assembler:       Armasm.exe V6.23
Linker/Locator:  ArmLink.exe V6.23
Library Manager: ArmAr.exe V6.23
Hex Converter:   FromElf.exe V6.23
CPU DLL:         
Dialog DLL:      
Target DLL:      Segger\JL2CM3.dll V2.99.45.0
Dialog DLL:      TCM.DLL V1.56.6.0
 
<h2>Project:</h2>
D:\Project\F5270_USB_Boot\MDK-ARM\tinyUSB_CHID.uvprojx
Project File Date:  08/19/2025

<h2>Output:</h2>
*** Using Compiler 'V6.23', folder: 'C:\Keil\ARM\ARMCLANG\Bin'
Rebuild target 'tinyUSB'
compiling usbd_control.c...
compiling mm32f5270_it.c...
compiling main.c...
compiling usb_descriptors.c...
compiling tud_dcd_port.c...
compiling tusb.c...
compiling platform.c...
compiling startup_mm32f5270_keil.c...
compiling hal_bkp.c...
compiling hid_device.c...
compiling hal_adc.c...
compiling system_mm32f5270.c...
compiling tusb_fifo.c...
compiling usbd.c...
compiling hal_comp.c...
compiling boot.c...
compiling hal_cordic.c...
compiling hal_crcpoly.c...
compiling hal_crs.c...
compiling hal_dbg.c...
compiling hal_exti.c...
compiling hal_dac.c...
compiling hal_dma.c...
compiling hal_flash.c...
compiling hal_fsmc.c...
compiling hal_iwdg.c...
compiling hal_lptim.c...
compiling hal_gpio.c...
compiling hal_lpuart.c...
compiling hal_i2c.c...
compiling hal_enet.c...
compiling hal_misc.c...
compiling hal_mds.c...
compiling hal_flexcan.c...
compiling hal_pwr.c...
compiling hal_qspi.c...
compiling hal_rtc.c...
compiling hal_rcc.c...
compiling hal_uid.c...
compiling hal_syscfg.c...
compiling hal_wwdg.c...
compiling hal_spi.c...
compiling hal_uart.c...
compiling hal_usb.c...
compiling hal_tim.c...
linking...
Program Size: Code=19154 RO-data=746 RW-data=64 ZI-data=8256  
FromELF: creating hex file...
".\Objects\UID_ReadUID.axf" - 0 Error(s), 0 Warning(s).

<h2>Software Packages used:</h2>

Package Vendor: MindMotion
                http://www.mindmotion.com.cn/Download/MDK_KEIL/MindMotion.MM32F5277E_DFP.1.3.0.pack
                MindMotion::MM32F5277E_DFP@1.3.0
                MindMotion MM32F5270 Series Device Support, Drivers and Examples

<h2>Collection of Component include folders:</h2>
  C:/Users/Lodge/AppData/Local/Arm/Packs/MindMotion/MM32F5277E_DFP/1.3.0/Device/MM32F5277E

<h2>Collection of Component Files used:</h2>
Build Time Elapsed:  00:00:03
</pre>
</body>
</html>
